javac : C:\Users\nicoa\Documents\UNINA\Object Orientation\Progetto\src\dao\ModConsegnaDAO.java:21: warning: 
[text-blocks] trailing white space will be removed
In riga:1 car:92
+ ... rEach-Object { $_.FullName }; javac -Xlint -d bin $files 2>&1 | Out-F ...
+                                   ~~~~~~~~~~~~~~~~~~~~~~~~~~~~~~~
    + CategoryInfo          : NotSpecified: (C:\Users\nicoa\...will be removed:String) [], RemoteException
    + FullyQualifiedErrorId : NativeCommandError
 
        String sql = """ 
                     ^
C:\Users\nicoa\Documents\UNINA\Object Orientation\Progetto\src\dao\ModConsegnaDAO.java:43: warning: 
[text-blocks] trailing white space will be removed
        String sql = """
                     ^
C:\Users\nicoa\Documents\UNINA\Object Orientation\Progetto\src\dao\ModConsegnaDAO.java:69: warning: 
[text-blocks] trailing white space will be removed
        String sql = """
                     ^
C:\Users\nicoa\Documents\UNINA\Object Orientation\Progetto\src\dao\OffertaDAO.java:24: warning: 
[text-blocks] trailing white space will be removed
        String sql = """
                     ^
C:\Users\nicoa\Documents\UNINA\Object Orientation\Progetto\src\dao\OggettoDAO.java:112: warning: 
[text-blocks] trailing white space will be removed
        String sql = """
                     ^
C:\Users\nicoa\Documents\UNINA\Object Orientation\Progetto\src\frames\HomeFrame.java:6: error: cannot find 
symbol
public class HomeFrame extends JFrame{
                               ^
  symbol: class JFrame
C:\Users\nicoa\Documents\UNINA\Object Orientation\Progetto\src\frames\HomeFrame.java:8: error: cannot find 
symbol
    private JPanel contentPane;
            ^
  symbol:   class JPanel
  location: class HomeFrame
C:\Users\nicoa\Documents\UNINA\Object Orientation\Progetto\src\frames\HomeFrame.java:9: error: cannot find 
symbol
    private JLabel label1;
            ^
  symbol:   class JLabel
  location: class HomeFrame
C:\Users\nicoa\Documents\UNINA\Object Orientation\Progetto\src\frames\HomeFrame.java:10: error: cannot find 
symbol
    private JButton button1;
            ^
  symbol:   class JButton
  location: class HomeFrame
C:\Users\nicoa\Documents\UNINA\Object Orientation\Progetto\src\frames\HomeFrame.java:11: error: cannot find 
symbol
    private JButton button2;
            ^
  symbol:   class JButton
  location: class HomeFrame
C:\Users\nicoa\Documents\UNINA\Object Orientation\Progetto\src\frames\HomeFrame.java:3: error: package 
java.swing does not exist
import java.swing.*;
^
C:\Users\nicoa\Documents\UNINA\Object Orientation\Progetto\src\exception\ApplicationException.java:6: 
warning: [serial] serializable class ApplicationException has no definition of serialVersionUID
public class ApplicationException extends Exception {
       ^
C:\Users\nicoa\Documents\UNINA\Object Orientation\Progetto\src\exception\AuthenticationException.java:4: 
warning: [serial] serializable class AuthenticationException has no definition of serialVersionUID
public class AuthenticationException extends ApplicationException {
       ^
C:\Users\nicoa\Documents\UNINA\Object Orientation\Progetto\src\exception\DuplicateResourceException.java:4: 
warning: [serial] serializable class DuplicateResourceException has no definition of serialVersionUID
public class DuplicateResourceException extends ApplicationException {
       ^
C:\Users\nicoa\Documents\UNINA\Object Orientation\Progetto\src\exception\NotFoundException.java:4: warning: 
[serial] serializable class NotFoundException has no definition of serialVersionUID
public class NotFoundException extends ApplicationException {
       ^
C:\Users\nicoa\Documents\UNINA\Object Orientation\Progetto\src\exception\PersistenceException.java:4: 
warning: [serial] serializable class PersistenceException has no definition of serialVersionUID
public class PersistenceException extends ApplicationException {
       ^
C:\Users\nicoa\Documents\UNINA\Object Orientation\Progetto\src\exception\ValidationException.java:4: 
warning: [serial] serializable class ValidationException has no definition of serialVersionUID
public class ValidationException extends ApplicationException {
       ^
C:\Users\nicoa\Documents\UNINA\Object Orientation\Progetto\src\frames\HomeFrame.java:14: error: cannot find 
symbol
        setTitle("Home");
        ^
  symbol:   method setTitle(String)
  location: class HomeFrame
C:\Users\nicoa\Documents\UNINA\Object Orientation\Progetto\src\frames\HomeFrame.java:15: error: cannot find 
symbol
        setDefaultCloseOperation(JFrame.EXIT_ON_CLOSE);
                                 ^
  symbol:   variable JFrame
  location: class HomeFrame
C:\Users\nicoa\Documents\UNINA\Object Orientation\Progetto\src\frames\HomeFrame.java:16: error: cannot find 
symbol
        setExtendedState(JFrame.MAXIMIZED_BOTH); // massimizza orizz. + vert.
                         ^
  symbol:   variable JFrame
  location: class HomeFrame
C:\Users\nicoa\Documents\UNINA\Object Orientation\Progetto\src\frames\HomeFrame.java:17: error: cannot find 
symbol
        setVisible(true);
        ^
  symbol:   method setVisible(boolean)
  location: class HomeFrame
C:\Users\nicoa\Documents\UNINA\Object Orientation\Progetto\src\frames\HomeFrame.java:18: error: cannot find 
symbol
        contentPane.setBorder(new EmptyBorder(10, 10, 10, 10));
                                  ^
  symbol:   class EmptyBorder
  location: class HomeFrame
C:\Users\nicoa\Documents\UNINA\Object Orientation\Progetto\src\frames\HomeFrame.java:19: error: cannot find 
symbol
        contentPane.setLayout(GridBagLayout);
                              ^
  symbol:   variable GridBagLayout
  location: class HomeFrame
C:\Users\nicoa\Documents\UNINA\Object Orientation\Progetto\src\frames\HomeFrame.java:22: error: cannot find 
symbol
        label1 = new JLabel("Benvenuto!");
                     ^
  symbol:   class JLabel
  location: class HomeFrame
C:\Users\nicoa\Documents\UNINA\Object Orientation\Progetto\src\frames\HomeFrame.java:25: error: cannot find 
symbol
        button1 = new JButton("VISUALIZZA ANNUNCI");
                      ^
  symbol:   class JButton
  location: class HomeFrame
C:\Users\nicoa\Documents\UNINA\Object Orientation\Progetto\src\frames\HomeFrame.java:31: error: cannot find 
symbol
        button2 = new JButton("I MIEI ANNUNCI");
                      ^
  symbol:   class JButton
  location: class HomeFrame
C:\Users\nicoa\Documents\UNINA\Object Orientation\Progetto\src\frames\HomeFrame.java:41: error: cannot find 
symbol
        gbc.anchor(CENTER);
                   ^
  symbol:   variable CENTER
  location: class HomeFrame
C:\Users\nicoa\Documents\UNINA\Object Orientation\Progetto\src\frames\LoginFrame.java:22: error: cannot find 
symbol
					frame.setVisible(true);
					     ^
  symbol:   method setVisible(boolean)
  location: variable frame of type HomeFrame
C:\Users\nicoa\Documents\UNINA\Object Orientation\Progetto\src\frames\LoginFrame.java:10: warning: [serial] 
serializable class LoginFrame has no definition of serialVersionUID
public class LoginFrame extends JFrame {
       ^
C:\Users\nicoa\Documents\UNINA\Object Orientation\Progetto\src\frames\LoginFrame.java:30: warning: [serial] 
non-transient instance field of a serializable class declared with a non-serializable type
	private final Controller controller = new Controller();
	                         ^
17 errors
13 warnings
